bundle : C:/Ruby34-x64/lib/ruby/3.4.0/win32/registry.rb:2: warning: fiddle/import is found in fiddle, which will no lon
ger be part of the default gems starting from Ruby 4.0.0.
위치 줄:1 문자:1
+ bundle exec jekyll build > build_output.txt 2>&1
+ ~~~~~~~~~~~~~~~~~~~~~~~~~~~~~~~~~~~~~~~~~~~~~~~~
    + CategoryInfo          : NotSpecified: (C:/Ruby34-x64/l...rom Ruby 4.0.0.:String) [], RemoteException
    + FullyQualifiedErrorId : NativeCommandError
 
You can add fiddle to your Gemfile or gemspec to silence this warning.
To use retry middleware with Faraday v2.0+, install `faraday-retry` gem
Configuration file: D:/site/jinydev/Statistical/_config.yml
            Source: D:/site/jinydev/Statistical/src
       Destination: D:/site/jinydev/Statistical/docs
 Incremental build: disabled. Enable with --incremental
      Generating... 
[33mError reading file D:/site/jinydev/Statistical/src/book/c03/3_2_multiple_linear_regression/3_2_2_some_important_qu
estions/index.md: invalid byte sequence in UTF-8 [0m
       Jekyll Feed: Generating feed for posts
[31m  Conversion error: Jekyll::Converters::Markdown encountered an error while converting 'book/c03/3_2_multiple_line
ar_regression/3_2_2_some_important_questions/index.md':[0m
[31m                    The source text contains invalid characters for the used encoding UTF-8[0m
[31m                    ------------------------------------------------[0m
[31m      Jekyll 4.4.1   Please append `--trace` to the `build` command [0m
[31m                     for any additional information or backtrace. [0m
[31m                    ------------------------------------------------[0m
C:/Ruby34-x64/lib/ruby/gems/3.4.0/gems/kramdown-2.5.2/lib/kramdown/parser/base.rb:99:in 'Kramdown::Parser::Base#adapt_s
ource': The source text contains invalid characters for the used encoding UTF-8 (RuntimeError)
	from C:/Ruby34-x64/lib/ruby/gems/3.4.0/gems/kramdown-2.5.2/lib/kramdown/parser/kramdown.rb:90:in 'Kramdown::Parser::Kr
amdown#parse'
	from C:/Ruby34-x64/lib/ruby/gems/3.4.0/gems/kramdown-parser-gfm-1.1.0/lib/kramdown/parser/gfm.rb:56:in 'Kramdown::Pars
er::GFM#parse'
	from C:/Ruby34-x64/lib/ruby/gems/3.4.0/gems/kramdown-2.5.2/lib/kramdown/parser/base.rb:75:in 'Kramdown::Parser::Base.p
arse'
	from C:/Ruby34-x64/lib/ruby/gems/3.4.0/gems/jekyll-4.4.1/lib/jekyll/converters/markdown/kramdown_parser.rb:54:in 'Kram
down::JekyllDocument#initialize'
	from C:/Ruby34-x64/lib/ruby/gems/3.4.0/gems/jekyll-4.4.1/lib/jekyll/converters/markdown/kramdown_parser.rb:109:in 'Cla
ss#new'
	from C:/Ruby34-x64/lib/ruby/gems/3.4.0/gems/jekyll-4.4.1/lib/jekyll/converters/markdown/kramdown_parser.rb:109:in 'Jek
yll::Converters::Markdown::KramdownParser#convert'
	from C:/Ruby34-x64/lib/ruby/gems/3.4.0/gems/jekyll-4.4.1/lib/jekyll/converters/markdown.rb:86:in 'block in Jekyll::Con
verters::Markdown#convert'
	from C:/Ruby34-x64/lib/ruby/gems/3.4.0/gems/jekyll-4.4.1/lib/jekyll/cache.rb:107:in 'Jekyll::Cache#getset'
	from C:/Ruby34-x64/lib/ruby/gems/3.4.0/gems/jekyll-4.4.1/lib/jekyll/converters/markdown.rb:85:in 'Jekyll::Converters::
Markdown#convert'
	from C:/Ruby34-x64/lib/ruby/gems/3.4.0/gems/jekyll-4.4.1/lib/jekyll/renderer.rb:105:in 'block in Jekyll::Renderer#conv
ert'
	from C:/Ruby34-x64/lib/ruby/gems/3.4.0/gems/jekyll-4.4.1/lib/jekyll/renderer.rb:104:in 'Array#each'
	from C:/Ruby34-x64/lib/ruby/gems/3.4.0/gems/jekyll-4.4.1/lib/jekyll/renderer.rb:104:in 'Enumerable#reduce'
	from C:/Ruby34-x64/lib/ruby/gems/3.4.0/gems/jekyll-4.4.1/lib/jekyll/renderer.rb:104:in 'Jekyll::Renderer#convert'
	from C:/Ruby34-x64/lib/ruby/gems/3.4.0/gems/jekyll-4.4.1/lib/jekyll/renderer.rb:84:in 'Jekyll::Renderer#render_documen
t'
	from C:/Ruby34-x64/lib/ruby/gems/3.4.0/gems/jekyll-4.4.1/lib/jekyll/renderer.rb:63:in 'Jekyll::Renderer#run'
	from C:/Ruby34-x64/lib/ruby/gems/3.4.0/gems/jekyll-4.4.1/lib/jekyll/site.rb:572:in 'Jekyll::Site#render_regenerated'
	from C:/Ruby34-x64/lib/ruby/gems/3.4.0/gems/jekyll-4.4.1/lib/jekyll/site.rb:564:in 'block in Jekyll::Site#render_pages
'
	from C:/Ruby34-x64/lib/ruby/gems/3.4.0/gems/jekyll-4.4.1/lib/jekyll/site.rb:563:in 'Array#each'
	from C:/Ruby34-x64/lib/ruby/gems/3.4.0/gems/jekyll-4.4.1/lib/jekyll/site.rb:563:in 'Jekyll::Site#render_pages'
	from C:/Ruby34-x64/lib/ruby/gems/3.4.0/gems/jekyll-4.4.1/lib/jekyll/site.rb:211:in 'Jekyll::Site#render'
	from C:/Ruby34-x64/lib/ruby/gems/3.4.0/gems/jekyll-4.4.1/lib/jekyll/site.rb:80:in 'Jekyll::Site#process'
	from C:/Ruby34-x64/lib/ruby/gems/3.4.0/gems/jekyll-4.4.1/lib/jekyll/command.rb:28:in 'Jekyll::Command.process_site'
	from C:/Ruby34-x64/lib/ruby/gems/3.4.0/gems/jekyll-4.4.1/lib/jekyll/commands/build.rb:65:in 'Jekyll::Commands::Build.b
uild'
	from C:/Ruby34-x64/lib/ruby/gems/3.4.0/gems/jekyll-4.4.1/lib/jekyll/commands/build.rb:36:in 'Jekyll::Commands::Build.p
rocess'
	from C:/Ruby34-x64/lib/ruby/gems/3.4.0/gems/jekyll-4.4.1/lib/jekyll/command.rb:91:in 'block in Jekyll::Command.process
_with_graceful_fail'
	from C:/Ruby34-x64/lib/ruby/gems/3.4.0/gems/jekyll-4.4.1/lib/jekyll/command.rb:91:in 'Array#each'
	from C:/Ruby34-x64/lib/ruby/gems/3.4.0/gems/jekyll-4.4.1/lib/jekyll/command.rb:91:in 'Jekyll::Command.process_with_gra
ceful_fail'
	from C:/Ruby34-x64/lib/ruby/gems/3.4.0/gems/jekyll-4.4.1/lib/jekyll/commands/build.rb:18:in 'block (2 levels) in Jekyl
l::Commands::Build.init_with_program'
	from C:/Ruby34-x64/lib/ruby/gems/3.4.0/gems/mercenary-0.4.0/lib/mercenary/command.rb:221:in 'block in Mercenary::Comma
nd#execute'
	from C:/Ruby34-x64/lib/ruby/gems/3.4.0/gems/mercenary-0.4.0/lib/mercenary/command.rb:221:in 'Array#each'
	from C:/Ruby34-x64/lib/ruby/gems/3.4.0/gems/mercenary-0.4.0/lib/mercenary/command.rb:221:in 'Mercenary::Command#execut
e'
	from C:/Ruby34-x64/lib/ruby/gems/3.4.0/gems/mercenary-0.4.0/lib/mercenary/program.rb:44:in 'Mercenary::Program#go'
	from C:/Ruby34-x64/lib/ruby/gems/3.4.0/gems/mercenary-0.4.0/lib/mercenary.rb:21:in 'Mercenary.program'
	from C:/Ruby34-x64/lib/ruby/gems/3.4.0/gems/jekyll-4.4.1/exe/jekyll:15:in '<top (required)>'
	from C:/Ruby34-x64/bin/jekyll:36:in 'Kernel#load'
	from C:/Ruby34-x64/bin/jekyll:36:in '<top (required)>'
	from C:/Ruby34-x64/lib/ruby/gems/3.4.0/gems/bundler-4.0.7/lib/bundler/cli/exec.rb:61:in 'Kernel.load'
	from C:/Ruby34-x64/lib/ruby/gems/3.4.0/gems/bundler-4.0.7/lib/bundler/cli/exec.rb:61:in 'Bundler::CLI::Exec#kernel_loa
d'
	from C:/Ruby34-x64/lib/ruby/gems/3.4.0/gems/bundler-4.0.7/lib/bundler/cli/exec.rb:24:in 'Bundler::CLI::Exec#run'
	from C:/Ruby34-x64/lib/ruby/gems/3.4.0/gems/bundler-4.0.7/lib/bundler/cli.rb:504:in 'Bundler::CLI#exec'
	from C:/Ruby34-x64/lib/ruby/gems/3.4.0/gems/bundler-4.0.7/lib/bundler/vendor/thor/lib/thor/command.rb:28:in 'Bundler::
Thor::Command#run'
	from C:/Ruby34-x64/lib/ruby/gems/3.4.0/gems/bundler-4.0.7/lib/bundler/vendor/thor/lib/thor/invocation.rb:127:in 'Bundl
er::Thor::Invocation#invoke_command'
	from C:/Ruby34-x64/lib/ruby/gems/3.4.0/gems/bundler-4.0.7/lib/bundler/vendor/thor/lib/thor.rb:538:in 'Bundler::Thor.di
spatch'
	from C:/Ruby34-x64/lib/ruby/gems/3.4.0/gems/bundler-4.0.7/lib/bundler/cli.rb:35:in 'Bundler::CLI.dispatch'
	from C:/Ruby34-x64/lib/ruby/gems/3.4.0/gems/bundler-4.0.7/lib/bundler/vendor/thor/lib/thor/base.rb:584:in 'Bundler::Th
or::Base::ClassMethods#start'
	from C:/Ruby34-x64/lib/ruby/gems/3.4.0/gems/bundler-4.0.7/lib/bundler/cli.rb:29:in 'Bundler::CLI.start'
	from C:/Ruby34-x64/lib/ruby/gems/3.4.0/gems/bundler-4.0.7/exe/bundle:28:in 'block in <top (required)>'
	from C:/Ruby34-x64/lib/ruby/gems/3.4.0/gems/bundler-4.0.7/lib/bundler/friendly_errors.rb:118:in 'Bundler.with_friendly
_errors'
	from C:/Ruby34-x64/lib/ruby/gems/3.4.0/gems/bundler-4.0.7/exe/bundle:20:in '<top (required)>'
	from C:/Ruby34-x64/bin/bundle:36:in 'Kernel#load'
	from C:/Ruby34-x64/bin/bundle:36:in '<main>'
C:/Ruby34-x64/lib/ruby/gems/3.4.0/gems/jekyll-4.4.1/lib/jekyll/cache.rb:84:in 'Jekyll::Cache#[]': unhandled exception
	from C:/Ruby34-x64/lib/ruby/gems/3.4.0/gems/jekyll-4.4.1/lib/jekyll/cache.rb:105:in 'Jekyll::Cache#getset'
	from C:/Ruby34-x64/lib/ruby/gems/3.4.0/gems/jekyll-4.4.1/lib/jekyll/converters/markdown.rb:85:in 'Jekyll::Converters::
Markdown#convert'
	from C:/Ruby34-x64/lib/ruby/gems/3.4.0/gems/jekyll-4.4.1/lib/jekyll/renderer.rb:105:in 'block in Jekyll::Renderer#conv
ert'
	from C:/Ruby34-x64/lib/ruby/gems/3.4.0/gems/jekyll-4.4.1/lib/jekyll/renderer.rb:104:in 'Array#each'
	from C:/Ruby34-x64/lib/ruby/gems/3.4.0/gems/jekyll-4.4.1/lib/jekyll/renderer.rb:104:in 'Enumerable#reduce'
	from C:/Ruby34-x64/lib/ruby/gems/3.4.0/gems/jekyll-4.4.1/lib/jekyll/renderer.rb:104:in 'Jekyll::Renderer#convert'
	from C:/Ruby34-x64/lib/ruby/gems/3.4.0/gems/jekyll-4.4.1/lib/jekyll/renderer.rb:84:in 'Jekyll::Renderer#render_documen
t'
	from C:/Ruby34-x64/lib/ruby/gems/3.4.0/gems/jekyll-4.4.1/lib/jekyll/renderer.rb:63:in 'Jekyll::Renderer#run'
	from C:/Ruby34-x64/lib/ruby/gems/3.4.0/gems/jekyll-4.4.1/lib/jekyll/site.rb:572:in 'Jekyll::Site#render_regenerated'
	from C:/Ruby34-x64/lib/ruby/gems/3.4.0/gems/jekyll-4.4.1/lib/jekyll/site.rb:564:in 'block in Jekyll::Site#render_pages
'
	from C:/Ruby34-x64/lib/ruby/gems/3.4.0/gems/jekyll-4.4.1/lib/jekyll/site.rb:563:in 'Array#each'
	from C:/Ruby34-x64/lib/ruby/gems/3.4.0/gems/jekyll-4.4.1/lib/jekyll/site.rb:563:in 'Jekyll::Site#render_pages'
	from C:/Ruby34-x64/lib/ruby/gems/3.4.0/gems/jekyll-4.4.1/lib/jekyll/site.rb:211:in 'Jekyll::Site#render'
	from C:/Ruby34-x64/lib/ruby/gems/3.4.0/gems/jekyll-4.4.1/lib/jekyll/site.rb:80:in 'Jekyll::Site#process'
	from C:/Ruby34-x64/lib/ruby/gems/3.4.0/gems/jekyll-4.4.1/lib/jekyll/command.rb:28:in 'Jekyll::Command.process_site'
	from C:/Ruby34-x64/lib/ruby/gems/3.4.0/gems/jekyll-4.4.1/lib/jekyll/commands/build.rb:65:in 'Jekyll::Commands::Build.b
uild'
	from C:/Ruby34-x64/lib/ruby/gems/3.4.0/gems/jekyll-4.4.1/lib/jekyll/commands/build.rb:36:in 'Jekyll::Commands::Build.p
rocess'
	from C:/Ruby34-x64/lib/ruby/gems/3.4.0/gems/jekyll-4.4.1/lib/jekyll/command.rb:91:in 'block in Jekyll::Command.process
_with_graceful_fail'
	from C:/Ruby34-x64/lib/ruby/gems/3.4.0/gems/jekyll-4.4.1/lib/jekyll/command.rb:91:in 'Array#each'
	from C:/Ruby34-x64/lib/ruby/gems/3.4.0/gems/jekyll-4.4.1/lib/jekyll/command.rb:91:in 'Jekyll::Command.process_with_gra
ceful_fail'
	from C:/Ruby34-x64/lib/ruby/gems/3.4.0/gems/jekyll-4.4.1/lib/jekyll/commands/build.rb:18:in 'block (2 levels) in Jekyl
l::Commands::Build.init_with_program'
	from C:/Ruby34-x64/lib/ruby/gems/3.4.0/gems/mercenary-0.4.0/lib/mercenary/command.rb:221:in 'block in Mercenary::Comma
nd#execute'
	from C:/Ruby34-x64/lib/ruby/gems/3.4.0/gems/mercenary-0.4.0/lib/mercenary/command.rb:221:in 'Array#each'
	from C:/Ruby34-x64/lib/ruby/gems/3.4.0/gems/mercenary-0.4.0/lib/mercenary/command.rb:221:in 'Mercenary::Command#execut
e'
	from C:/Ruby34-x64/lib/ruby/gems/3.4.0/gems/mercenary-0.4.0/lib/mercenary/program.rb:44:in 'Mercenary::Program#go'
	from C:/Ruby34-x64/lib/ruby/gems/3.4.0/gems/mercenary-0.4.0/lib/mercenary.rb:21:in 'Mercenary.program'
	from C:/Ruby34-x64/lib/ruby/gems/3.4.0/gems/jekyll-4.4.1/exe/jekyll:15:in '<top (required)>'
	from C:/Ruby34-x64/bin/jekyll:36:in 'Kernel#load'
	from C:/Ruby34-x64/bin/jekyll:36:in '<top (required)>'
	from C:/Ruby34-x64/lib/ruby/gems/3.4.0/gems/bundler-4.0.7/lib/bundler/cli/exec.rb:61:in 'Kernel.load'
	from C:/Ruby34-x64/lib/ruby/gems/3.4.0/gems/bundler-4.0.7/lib/bundler/cli/exec.rb:61:in 'Bundler::CLI::Exec#kernel_loa
d'
	from C:/Ruby34-x64/lib/ruby/gems/3.4.0/gems/bundler-4.0.7/lib/bundler/cli/exec.rb:24:in 'Bundler::CLI::Exec#run'
	from C:/Ruby34-x64/lib/ruby/gems/3.4.0/gems/bundler-4.0.7/lib/bundler/cli.rb:504:in 'Bundler::CLI#exec'
	from C:/Ruby34-x64/lib/ruby/gems/3.4.0/gems/bundler-4.0.7/lib/bundler/vendor/thor/lib/thor/command.rb:28:in 'Bundler::
Thor::Command#run'
	from C:/Ruby34-x64/lib/ruby/gems/3.4.0/gems/bundler-4.0.7/lib/bundler/vendor/thor/lib/thor/invocation.rb:127:in 'Bundl
er::Thor::Invocation#invoke_command'
	from C:/Ruby34-x64/lib/ruby/gems/3.4.0/gems/bundler-4.0.7/lib/bundler/vendor/thor/lib/thor.rb:538:in 'Bundler::Thor.di
spatch'
	from C:/Ruby34-x64/lib/ruby/gems/3.4.0/gems/bundler-4.0.7/lib/bundler/cli.rb:35:in 'Bundler::CLI.dispatch'
	from C:/Ruby34-x64/lib/ruby/gems/3.4.0/gems/bundler-4.0.7/lib/bundler/vendor/thor/lib/thor/base.rb:584:in 'Bundler::Th
or::Base::ClassMethods#start'
	from C:/Ruby34-x64/lib/ruby/gems/3.4.0/gems/bundler-4.0.7/lib/bundler/cli.rb:29:in 'Bundler::CLI.start'
	from C:/Ruby34-x64/lib/ruby/gems/3.4.0/gems/bundler-4.0.7/exe/bundle:28:in 'block in <top (required)>'
	from C:/Ruby34-x64/lib/ruby/gems/3.4.0/gems/bundler-4.0.7/lib/bundler/friendly_errors.rb:118:in 'Bundler.with_friendly
_errors'
	from C:/Ruby34-x64/lib/ruby/gems/3.4.0/gems/bundler-4.0.7/exe/bundle:20:in '<top (required)>'
	from C:/Ruby34-x64/bin/bundle:36:in 'Kernel#load'
	from C:/Ruby34-x64/bin/bundle:36:in '<main>'
